V3 3
FL "D:/university/az manteghi/jalase3/with select/MUX_withselsect/MUX_withselsect.vhd" 2021/04/07.11:05:22 P.20131013
EN work/MUX_withselsect 1618312750 \
      FL "D:/university/az manteghi/jalase3/with select/MUX_withselsect/MUX_withselsect.vhd" \
      PB ieee/std_logic_1164 1381692176
AR work/MUX_withselsect/Behavioral 1618312751 \
      FL "D:/university/az manteghi/jalase3/with select/MUX_withselsect/MUX_withselsect.vhd" \
      EN work/MUX_withselsect 1618312750
