EN fa4bit NULL "D:/university/az manteghi/jalase2/FA/FA1/FA4bit.vhd" sub00/vhpl02 1617362071
AR fa4bit behavioral "D:/university/az manteghi/jalase2/FA/FA1/FA4bit.vhd" sub00/vhpl03 1617362072
AR fa1 behavioral "D:/university/az manteghi/jalase2/FA/FA1/FA1.vhd" sub00/vhpl01 1617362070
EN fa1 NULL "D:/university/az manteghi/jalase2/FA/FA1/FA1.vhd" sub00/vhpl00 1617362069
