V3 3
FL "D:/university/az manteghi/jalase6/sevensegment/sevensegment.vhd" 2021/04/28.10:54:37 P.20131013
EN work/sevensegment 1619591105 \
      FL "D:/university/az manteghi/jalase6/sevensegment/sevensegment.vhd" \
      PB ieee/std_logic_1164 1381692176 PB ieee/NUMERIC_STD 1381692181
AR work/sevensegment/Behavioral 1619591106 \
      FL "D:/university/az manteghi/jalase6/sevensegment/sevensegment.vhd" \
      EN work/sevensegment 1619591105
