Release 14.7 - xst P.20131013 (nt64)
Copyright (c) 1995-2013 Xilinx, Inc.  All rights reserved.
--> Parameter TMPDIR set to xst/projnav.tmp


Total REAL time to Xst completion: 0.00 secs
Total CPU time to Xst completion: 0.10 secs
 
--> Parameter xsthdpdir set to xst


Total REAL time to Xst completion: 0.00 secs
Total CPU time to Xst completion: 0.10 secs
 
--> Reading design: clock_divider.prj

TABLE OF CONTENTS
  1) Synthesis Options Summary
  2) HDL Parsing
  3) HDL Elaboration
  4) HDL Synthesis
       4.1) HDL Synthesis Report
  5) Advanced HDL Synthesis
       5.1) Advanced HDL Synthesis Report
  6) Low Level Synthesis
  7) Partition Report
  8) Design Summary
       8.1) Primitive and Black Box Usage
       8.2) Device utilization summary
       8.3) Partition Resource Summary
       8.4) Timing Report
            8.4.1) Clock Information
            8.4.2) Asynchronous Control Signals Information
            8.4.3) Timing Summary
            8.4.4) Timing Details
            8.4.5) Cross Clock Domains Report


=========================================================================
*                      Synthesis Options Summary                        *
=========================================================================
---- Source Parameters
Input File Name                    : "clock_divider.prj"
Ignore Synthesis Constraint File   : NO

---- Target Parameters
Output File Name                   : "clock_divider"
Output Format                      : NGC
Target Device                      : xc7vx330t-3-ffg1157

---- Source Options
Top Module Name                    : clock_divider
Automatic FSM Extraction           : YES
FSM Encoding Algorithm             : Auto
Safe Implementation                : No
FSM Style                          : LUT
RAM Extraction                     : Yes
RAM Style                          : Auto
ROM Extraction                     : Yes
Shift Register Extraction          : YES
ROM Style                          : Auto
Resource Sharing                   : YES
Asynchronous To Synchronous        : NO
Shift Register Minimum Size        : 2
Use DSP Block                      : Auto
Automatic Register Balancing       : No

---- Target Options
LUT Combining                      : Auto
Reduce Control Sets                : Auto
Add IO Buffers                     : YES
Global Maximum Fanout              : 100000
Add Generic Clock Buffer(BUFG)     : 32
Register Duplication               : YES
Optimize Instantiated Primitives   : NO
Use Clock Enable                   : Auto
Use Synchronous Set                : Auto
Use Synchronous Reset              : Auto
Pack IO Registers into IOBs        : Auto
Equivalent register Removal        : YES

---- General Options
Optimization Goal                  : Speed
Optimization Effort                : 1
Power Reduction                    : NO
Keep Hierarchy                     : No
Netlist Hierarchy                  : As_Optimized
RTL Output                         : Yes
Global Optimization                : AllClockNets
Read Cores                         : YES
Write Timing Constraints           : NO
Cross Clock Analysis               : NO
Hierarchy Separator                : /
Bus Delimiter                      : <>
Case Specifier                     : Maintain
Slice Utilization Ratio            : 100
BRAM Utilization Ratio             : 100
DSP48 Utilization Ratio            : 100
Auto BRAM Packing                  : NO
Slice Utilization Ratio Delta      : 5

=========================================================================


=========================================================================
*                          HDL Parsing                                  *
=========================================================================
Parsing VHDL file "D:\university\az manteghi\HW\clock_divider\clock_divider\clock_divider.vhd" into library work
Parsing entity <clock_divider>.
Parsing architecture <Behavioral> of entity <clock_divider>.

=========================================================================
*                            HDL Elaboration                            *
=========================================================================

Elaborating entity <clock_divider> (architecture <Behavioral>) from library <work>.

=========================================================================
*                           HDL Synthesis                               *
=========================================================================

Synthesizing Unit <clock_divider>.
    Related source file is "D:\university\az manteghi\HW\clock_divider\clock_divider\clock_divider.vhd".
    Found 32-bit register for signal <num1>.
    Found 32-bit register for signal <num2>.
    Found 32-bit register for signal <num3>.
    Found 32-bit register for signal <num4>.
    Found 4-bit register for signal <temp>.
    Found 1-bit register for signal <o>.
    Found 32-bit adder for signal <num1[31]_GND_4_o_add_1_OUT> created at line 49.
    Found 32-bit adder for signal <num2[31]_GND_4_o_add_2_OUT> created at line 50.
    Found 32-bit adder for signal <num3[31]_GND_4_o_add_3_OUT> created at line 51.
    Found 32-bit adder for signal <num4[31]_GND_4_o_add_4_OUT> created at line 52.
    Summary:
	inferred   4 Adder/Subtractor(s).
	inferred 133 D-type flip-flop(s).
	inferred  11 Multiplexer(s).
Unit <clock_divider> synthesized.

=========================================================================
HDL Synthesis Report

Macro Statistics
# Adders/Subtractors                                   : 4
 32-bit adder                                          : 4
# Registers                                            : 6
 1-bit register                                        : 1
 32-bit register                                       : 4
 4-bit register                                        : 1
# Multiplexers                                         : 11
 1-bit 2-to-1 multiplexer                              : 11

=========================================================================

=========================================================================
*                       Advanced HDL Synthesis                          *
=========================================================================


Synthesizing (advanced) Unit <clock_divider>.
The following registers are absorbed into counter <num1>: 1 register on signal <num1>.
The following registers are absorbed into counter <num2>: 1 register on signal <num2>.
The following registers are absorbed into counter <num4>: 1 register on signal <num4>.
The following registers are absorbed into counter <num3>: 1 register on signal <num3>.
Unit <clock_divider> synthesized (advanced).

=========================================================================
Advanced HDL Synthesis Report

Macro Statistics
# Adders/Subtractors                                   : 4
 32-bit adder                                          : 4
# Counters                                             : 4
 32-bit up counter                                     : 4
# Registers                                            : 5
 Flip-Flops                                            : 5
# Multiplexers                                         : 11
 1-bit 2-to-1 multiplexer                              : 11

=========================================================================

=========================================================================
*                         Low Level Synthesis                           *
=========================================================================

Optimizing unit <clock_divider> ...

Mapping all equations...
Building and optimizing final netlist ...
Found area constraint ratio of 100 (+ 5) on block clock_divider, actual ratio is 0.

Final Macro Processing ...

=========================================================================
Final Register Report

Macro Statistics
# Registers                                            : 133
 Flip-Flops                                            : 133

=========================================================================

=========================================================================
*                           Partition Report                            *
=========================================================================

Partition Implementation Status
-------------------------------

  No Partitions were found in this design.

-------------------------------

=========================================================================
*                            Design Summary                             *
=========================================================================

Top Level Output File Name         : clock_divider.ngc

Primitive and Black Box Usage:
------------------------------
# BELS                             : 925
#      GND                         : 1
#      INV                         : 9
#      LUT1                        : 248
#      LUT2                        : 3
#      LUT3                        : 4
#      LUT4                        : 33
#      LUT5                        : 6
#      LUT6                        : 116
#      MUXCY                       : 248
#      VCC                         : 1
#      XORCY                       : 256
# FlipFlops/Latches                : 133
#      FD                          : 128
#      FD_1                        : 4
#      FDE                         : 1
# Clock Buffers                    : 1
#      BUFGP                       : 1
# IO Buffers                       : 6
#      IBUF                        : 5
#      OBUF                        : 1

Device utilization summary:
---------------------------

Selected Device : 7vx330tffg1157-3 


Slice Logic Utilization: 
 Number of Slice Registers:             133  out of  408000     0%  
 Number of Slice LUTs:                  419  out of  204000     0%  
    Number used as Logic:               419  out of  204000     0%  

Slice Logic Distribution: 
 Number of LUT Flip Flop pairs used:    419
   Number with an unused Flip Flop:     286  out of    419    68%  
   Number with an unused LUT:             0  out of    419     0%  
   Number of fully used LUT-FF pairs:   133  out of    419    31%  
   Number of unique control sets:         3

IO Utilization: 
 Number of IOs:                           7
 Number of bonded IOBs:                   7  out of    600     1%  

Specific Feature Utilization:
 Number of BUFG/BUFGCTRLs:                1  out of     32     3%  

---------------------------
Partition Resource Summary:
---------------------------

  No Partitions were found in this design.

---------------------------


=========================================================================
Timing Report

NOTE: THESE TIMING NUMBERS ARE ONLY A SYNTHESIS ESTIMATE.
      FOR ACCURATE TIMING INFORMATION PLEASE REFER TO THE TRACE REPORT
      GENERATED AFTER PLACE-and-ROUTE.

Clock Information:
------------------
-----------------------------------+------------------------+-------+
Clock Signal                       | Clock buffer(FF name)  | Load  |
-----------------------------------+------------------------+-------+
clk                                | BUFGP                  | 133   |
-----------------------------------+------------------------+-------+

Asynchronous Control Signals Information:
----------------------------------------
No asynchronous control signals found in this design

Timing Summary:
---------------
Speed Grade: -3

   Minimum period: 2.798ns (Maximum Frequency: 357.420MHz)
   Minimum input arrival time before clock: 1.018ns
   Maximum output required time after clock: 0.511ns
   Maximum combinational path delay: No path found

Timing Details:
---------------
All values displayed in nanoseconds (ns)

=========================================================================
Timing constraint: Default period analysis for Clock 'clk'
  Clock period: 2.798ns (frequency: 357.420MHz)
  Total number of paths / destination ports: 71816 / 133
-------------------------------------------------------------------------
Delay:               2.798ns (Levels of Logic = 33)
  Source:            num1_0 (FF)
  Destination:       temp_0 (FF)
  Source Clock:      clk falling
  Destination Clock: clk falling

  Data Path: num1_0 to temp_0
                                Gate     Net
    Cell:in->out      fanout   Delay   Delay  Logical Name (Net Name)
    ----------------------------------------  ------------
     FD:C->Q               2   0.232   0.283  num1_0 (num1_0)
     INV:I->O              1   0.053   0.000  Madd_num1[31]_GND_4_o_add_1_OUT_lut<0>_INV_0 (Madd_num1[31]_GND_4_o_add_1_OUT_lut<0>)
     MUXCY:S->O            1   0.230   0.000  Madd_num1[31]_GND_4_o_add_1_OUT_cy<0> (Madd_num1[31]_GND_4_o_add_1_OUT_cy<0>)
     MUXCY:CI->O           1   0.013   0.000  Madd_num1[31]_GND_4_o_add_1_OUT_cy<1> (Madd_num1[31]_GND_4_o_add_1_OUT_cy<1>)
     MUXCY:CI->O           1   0.013   0.000  Madd_num1[31]_GND_4_o_add_1_OUT_cy<2> (Madd_num1[31]_GND_4_o_add_1_OUT_cy<2>)
     MUXCY:CI->O           1   0.013   0.000  Madd_num1[31]_GND_4_o_add_1_OUT_cy<3> (Madd_num1[31]_GND_4_o_add_1_OUT_cy<3>)
     MUXCY:CI->O           1   0.013   0.000  Madd_num1[31]_GND_4_o_add_1_OUT_cy<4> (Madd_num1[31]_GND_4_o_add_1_OUT_cy<4>)
     MUXCY:CI->O           1   0.013   0.000  Madd_num1[31]_GND_4_o_add_1_OUT_cy<5> (Madd_num1[31]_GND_4_o_add_1_OUT_cy<5>)
     MUXCY:CI->O           1   0.013   0.000  Madd_num1[31]_GND_4_o_add_1_OUT_cy<6> (Madd_num1[31]_GND_4_o_add_1_OUT_cy<6>)
     MUXCY:CI->O           1   0.013   0.000  Madd_num1[31]_GND_4_o_add_1_OUT_cy<7> (Madd_num1[31]_GND_4_o_add_1_OUT_cy<7>)
     MUXCY:CI->O           1   0.013   0.000  Madd_num1[31]_GND_4_o_add_1_OUT_cy<8> (Madd_num1[31]_GND_4_o_add_1_OUT_cy<8>)
     MUXCY:CI->O           1   0.013   0.000  Madd_num1[31]_GND_4_o_add_1_OUT_cy<9> (Madd_num1[31]_GND_4_o_add_1_OUT_cy<9>)
     MUXCY:CI->O           1   0.013   0.000  Madd_num1[31]_GND_4_o_add_1_OUT_cy<10> (Madd_num1[31]_GND_4_o_add_1_OUT_cy<10>)
     MUXCY:CI->O           1   0.013   0.000  Madd_num1[31]_GND_4_o_add_1_OUT_cy<11> (Madd_num1[31]_GND_4_o_add_1_OUT_cy<11>)
     MUXCY:CI->O           1   0.013   0.000  Madd_num1[31]_GND_4_o_add_1_OUT_cy<12> (Madd_num1[31]_GND_4_o_add_1_OUT_cy<12>)
     MUXCY:CI->O           1   0.013   0.000  Madd_num1[31]_GND_4_o_add_1_OUT_cy<13> (Madd_num1[31]_GND_4_o_add_1_OUT_cy<13>)
     MUXCY:CI->O           1   0.013   0.000  Madd_num1[31]_GND_4_o_add_1_OUT_cy<14> (Madd_num1[31]_GND_4_o_add_1_OUT_cy<14>)
     MUXCY:CI->O           1   0.013   0.000  Madd_num1[31]_GND_4_o_add_1_OUT_cy<15> (Madd_num1[31]_GND_4_o_add_1_OUT_cy<15>)
     MUXCY:CI->O           1   0.013   0.000  Madd_num1[31]_GND_4_o_add_1_OUT_cy<16> (Madd_num1[31]_GND_4_o_add_1_OUT_cy<16>)
     MUXCY:CI->O           1   0.013   0.000  Madd_num1[31]_GND_4_o_add_1_OUT_cy<17> (Madd_num1[31]_GND_4_o_add_1_OUT_cy<17>)
     MUXCY:CI->O           1   0.013   0.000  Madd_num1[31]_GND_4_o_add_1_OUT_cy<18> (Madd_num1[31]_GND_4_o_add_1_OUT_cy<18>)
     MUXCY:CI->O           1   0.013   0.000  Madd_num1[31]_GND_4_o_add_1_OUT_cy<19> (Madd_num1[31]_GND_4_o_add_1_OUT_cy<19>)
     MUXCY:CI->O           1   0.013   0.000  Madd_num1[31]_GND_4_o_add_1_OUT_cy<20> (Madd_num1[31]_GND_4_o_add_1_OUT_cy<20>)
     MUXCY:CI->O           1   0.013   0.000  Madd_num1[31]_GND_4_o_add_1_OUT_cy<21> (Madd_num1[31]_GND_4_o_add_1_OUT_cy<21>)
     MUXCY:CI->O           1   0.013   0.000  Madd_num1[31]_GND_4_o_add_1_OUT_cy<22> (Madd_num1[31]_GND_4_o_add_1_OUT_cy<22>)
     MUXCY:CI->O           1   0.013   0.000  Madd_num1[31]_GND_4_o_add_1_OUT_cy<23> (Madd_num1[31]_GND_4_o_add_1_OUT_cy<23>)
     MUXCY:CI->O           1   0.013   0.000  Madd_num1[31]_GND_4_o_add_1_OUT_cy<24> (Madd_num1[31]_GND_4_o_add_1_OUT_cy<24>)
     MUXCY:CI->O           1   0.013   0.000  Madd_num1[31]_GND_4_o_add_1_OUT_cy<25> (Madd_num1[31]_GND_4_o_add_1_OUT_cy<25>)
     MUXCY:CI->O           1   0.013   0.000  Madd_num1[31]_GND_4_o_add_1_OUT_cy<26> (Madd_num1[31]_GND_4_o_add_1_OUT_cy<26>)
     MUXCY:CI->O           1   0.013   0.000  Madd_num1[31]_GND_4_o_add_1_OUT_cy<27> (Madd_num1[31]_GND_4_o_add_1_OUT_cy<27>)
     XORCY:CI->O           1   0.251   0.542  Madd_num1[31]_GND_4_o_add_1_OUT_xor<28> (num1[31]_GND_4_o_add_1_OUT<28>)
     LUT5:I0->O            1   0.043   0.343  GND_4_o_num1[31]_equal_6_o<31>12 (GND_4_o_num1[31]_equal_6_o<31>12)
     LUT6:I4->O           33   0.043   0.396  GND_4_o_num1[31]_equal_6_o<31>17 (GND_4_o_num1[31]_equal_6_o<31>1)
     LUT6:I5->O            1   0.043   0.000  num1_0_rstpot (num1_0_rstpot)
     FD:D                     -0.001          num1_0
    ----------------------------------------
    Total                      2.798ns (1.233ns logic, 1.565ns route)
                                       (44.1% logic, 55.9% route)

=========================================================================
Timing constraint: Default OFFSET IN BEFORE for Clock 'clk'
  Total number of paths / destination ports: 8 / 2
-------------------------------------------------------------------------
Offset:              1.018ns (Levels of Logic = 2)
  Source:            x<2> (PAD)
  Destination:       o (FF)
  Destination Clock: clk rising

  Data Path: x<2> to o
                                Gate     Net
    Cell:in->out      fanout   Delay   Delay  Logical Name (Net Name)
    ----------------------------------------  ------------
     IBUF:I->O             1   0.000   0.542  x_2_IBUF (x_2_IBUF)
     LUT5:I0->O            1   0.043   0.279  _n0117_inv1 (_n0117_inv)
     FDE:CE                    0.153          o
    ----------------------------------------
    Total                      1.018ns (0.196ns logic, 0.822ns route)
                                       (19.3% logic, 80.7% route)

=========================================================================
Timing constraint: Default OFFSET OUT AFTER for Clock 'clk'
  Total number of paths / destination ports: 1 / 1
-------------------------------------------------------------------------
Offset:              0.511ns (Levels of Logic = 1)
  Source:            o (FF)
  Destination:       o (PAD)
  Source Clock:      clk rising

  Data Path: o to o
                                Gate     Net
    Cell:in->out      fanout   Delay   Delay  Logical Name (Net Name)
    ----------------------------------------  ------------
     FDE:C->Q              1   0.232   0.279  o (o_OBUF)
     OBUF:I->O                 0.000          o_OBUF (o)
    ----------------------------------------
    Total                      0.511ns (0.232ns logic, 0.279ns route)
                                       (45.4% logic, 54.6% route)

=========================================================================

Cross Clock Domains Report:
--------------------------

Clock to Setup on destination clock clk
---------------+---------+---------+---------+---------+
               | Src:Rise| Src:Fall| Src:Rise| Src:Fall|
Source Clock   |Dest:Rise|Dest:Rise|Dest:Fall|Dest:Fall|
---------------+---------+---------+---------+---------+
clk            |         |    1.044|    2.798|         |
---------------+---------+---------+---------+---------+

=========================================================================


Total REAL time to Xst completion: 14.00 secs
Total CPU time to Xst completion: 14.10 secs
 
--> 

Total memory usage is 4692892 kilobytes

Number of errors   :    0 (   0 filtered)
Number of warnings :    0 (   0 filtered)
Number of infos    :    0 (   0 filtered)

